[     125ms] [LOG] [Fast Refresh] rebuilding @ http://localhost:54105/_next/static/chunks/node_modules_next_dist_f3530cac._.js:2297
[     239ms] [LOG] [Fast Refresh] done in 220ms @ http://localhost:54105/_next/static/chunks/node_modules_next_dist_f3530cac._.js:2297
[     420ms] [INFO] %cDownload the React DevTools for a better development experience: https://react.dev/link/react-devtools font-weight:bold @ http://localhost:54105/_next/static/chunks/node_modules_next_dist_f3530cac._.js:2297
[     615ms] [WARNING] Image with src "/ektar-logo.png" has either width or height modified, but not the other. If you use CSS to change the size of your image, also include the styles 'width: "auto"' or 'height: "auto"' to maintain the aspect ratio. @ http://localhost:54105/_next/static/chunks/node_modules_next_dist_f3530cac._.js:2297
[     617ms] [WARNING] Image with src "/offices/office-singapore.png" has either width or height modified, but not the other. If you use CSS to change the size of your image, also include the styles 'width: "auto"' or 'height: "auto"' to maintain the aspect ratio. @ http://localhost:54105/_next/static/chunks/node_modules_next_dist_f3530cac._.js:2297
[     621ms] [WARNING] Image with src "/offices/office-uae.png" has either width or height modified, but not the other. If you use CSS to change the size of your image, also include the styles 'width: "auto"' or 'height: "auto"' to maintain the aspect ratio. @ http://localhost:54105/_next/static/chunks/node_modules_next_dist_f3530cac._.js:2297
[     621ms] [WARNING] Image with src "/offices/office-india.png" has either width or height modified, but not the other. If you use CSS to change the size of your image, also include the styles 'width: "auto"' or 'height: "auto"' to maintain the aspect ratio. @ http://localhost:54105/_next/static/chunks/node_modules_next_dist_f3530cac._.js:2297
[     785ms] [LOG] [HMR] connected @ http://localhost:54105/_next/static/chunks/node_modules_next_dist_f3530cac._.js:2297
[   11692ms] [LOG] [Fast Refresh] rebuilding @ http://localhost:54105/_next/static/chunks/node_modules_next_dist_f3530cac._.js:2297
[   11697ms] [LOG] [Fast Refresh] done in 107ms @ http://localhost:54105/_next/static/chunks/node_modules_next_dist_f3530cac._.js:2297
[   18409ms] [LOG] [Fast Refresh] rebuilding @ http://localhost:54105/_next/static/chunks/node_modules_next_dist_f3530cac._.js:2297
[   18430ms] [LOG] [Fast Refresh] done in 127ms @ http://localhost:54105/_next/static/chunks/node_modules_next_dist_f3530cac._.js:2297
[   18558ms] [INFO] %cDownload the React DevTools for a better development experience: https://react.dev/link/react-devtools font-weight:bold @ http://localhost:54105/_next/static/chunks/node_modules_next_dist_f3530cac._.js:2297
[   18690ms] [WARNING] Image with src "/ektar-logo.png" has either width or height modified, but not the other. If you use CSS to change the size of your image, also include the styles 'width: "auto"' or 'height: "auto"' to maintain the aspect ratio. @ http://localhost:54105/_next/static/chunks/node_modules_next_dist_f3530cac._.js:2297
[   18913ms] [LOG] [HMR] connected @ http://localhost:54105/_next/static/chunks/node_modules_next_dist_f3530cac._.js:2297
[   19099ms] [WARNING] Image with src "/offices/office-uae.png" has either width or height modified, but not the other. If you use CSS to change the size of your image, also include the styles 'width: "auto"' or 'height: "auto"' to maintain the aspect ratio. @ http://localhost:54105/_next/static/chunks/node_modules_next_dist_f3530cac._.js:2297
[   19102ms] [WARNING] Image with src "/offices/office-singapore.png" has either width or height modified, but not the other. If you use CSS to change the size of your image, also include the styles 'width: "auto"' or 'height: "auto"' to maintain the aspect ratio. @ http://localhost:54105/_next/static/chunks/node_modules_next_dist_f3530cac._.js:2297
[   19103ms] [WARNING] Image with src "/offices/office-india.png" has either width or height modified, but not the other. If you use CSS to change the size of your image, also include the styles 'width: "auto"' or 'height: "auto"' to maintain the aspect ratio. @ http://localhost:54105/_next/static/chunks/node_modules_next_dist_f3530cac._.js:2297
[   35004ms] [LOG] [Fast Refresh] rebuilding @ http://localhost:54105/_next/static/chunks/node_modules_next_dist_f3530cac._.js:2297
[   35064ms] [LOG] [Fast Refresh] done in 164ms @ http://localhost:54105/_next/static/chunks/node_modules_next_dist_f3530cac._.js:2297
[   48910ms] [LOG] [Fast Refresh] rebuilding @ http://localhost:54105/_next/static/chunks/node_modules_next_dist_f3530cac._.js:2297
[   48927ms] [LOG] [Fast Refresh] done in 121ms @ http://localhost:54105/_next/static/chunks/node_modules_next_dist_f3530cac._.js:2297
[   52208ms] [LOG] [Fast Refresh] rebuilding @ http://localhost:54105/_next/static/chunks/node_modules_next_dist_f3530cac._.js:2297
[   52250ms] [LOG] [Fast Refresh] done in 152ms @ http://localhost:54105/_next/static/chunks/node_modules_next_dist_f3530cac._.js:2297
[   62203ms] [LOG] [Fast Refresh] rebuilding @ http://localhost:54105/_next/static/chunks/node_modules_next_dist_f3530cac._.js:2297
[   62318ms] [LOG] [Fast Refresh] done in 216ms @ http://localhost:54105/_next/static/chunks/node_modules_next_dist_f3530cac._.js:2297
[   72209ms] [LOG] [Fast Refresh] rebuilding @ http://localhost:54105/_next/static/chunks/node_modules_next_dist_f3530cac._.js:2297
[   72266ms] [LOG] [Fast Refresh] done in 162ms @ http://localhost:54105/_next/static/chunks/node_modules_next_dist_f3530cac._.js:2297
[   92206ms] [LOG] [Fast Refresh] rebuilding @ http://localhost:54105/_next/static/chunks/node_modules_next_dist_f3530cac._.js:2297
[   92214ms] [LOG] [Fast Refresh] done in 114ms @ http://localhost:54105/_next/static/chunks/node_modules_next_dist_f3530cac._.js:2297
[  102208ms] [LOG] [Fast Refresh] rebuilding @ http://localhost:54105/_next/static/chunks/node_modules_next_dist_f3530cac._.js:2297
[  102217ms] [LOG] [Fast Refresh] done in 120ms @ http://localhost:54105/_next/static/chunks/node_modules_next_dist_f3530cac._.js:2297
[  112208ms] [LOG] [Fast Refresh] rebuilding @ http://localhost:54105/_next/static/chunks/node_modules_next_dist_f3530cac._.js:2297
[  112218ms] [LOG] [Fast Refresh] done in 110ms @ http://localhost:54105/_next/static/chunks/node_modules_next_dist_f3530cac._.js:2297
[  116859ms] [LOG] [Fast Refresh] rebuilding @ http://localhost:54105/_next/static/chunks/node_modules_next_dist_f3530cac._.js:2297
[  116903ms] [LOG] [Fast Refresh] done in 148ms @ http://localhost:54105/_next/static/chunks/node_modules_next_dist_f3530cac._.js:2297
[  119027ms] [LOG] [Fast Refresh] rebuilding @ http://localhost:54105/_next/static/chunks/node_modules_next_dist_f3530cac._.js:2297
[  119040ms] [LOG] [Fast Refresh] done in 123ms @ http://localhost:54105/_next/static/chunks/node_modules_next_dist_f3530cac._.js:2297
[  122213ms] [LOG] [Fast Refresh] rebuilding @ http://localhost:54105/_next/static/chunks/node_modules_next_dist_f3530cac._.js:2297
[  122339ms] [LOG] [Fast Refresh] done in 238ms @ http://localhost:54105/_next/static/chunks/node_modules_next_dist_f3530cac._.js:2297
[  163292ms] [LOG] [Fast Refresh] rebuilding @ http://localhost:54105/_next/static/chunks/node_modules_next_dist_f3530cac._.js:2297
[  164384ms] [LOG] [Fast Refresh] done in 502ms @ http://localhost:54105/_next/static/chunks/node_modules_next_dist_f3530cac._.js:2297
[  164546ms] [LOG] [Fast Refresh] rebuilding @ http://localhost:54105/_next/static/chunks/node_modules_next_dist_f3530cac._.js:2297
[  164563ms] [LOG] [Fast Refresh] done in 125ms @ http://localhost:54105/_next/static/chunks/node_modules_next_dist_f3530cac._.js:2297
[  164669ms] [LOG] [Fast Refresh] rebuilding @ http://localhost:54105/_next/static/chunks/node_modules_next_dist_f3530cac._.js:2297
[  164733ms] [LOG] [Fast Refresh] done in 170ms @ http://localhost:54105/_next/static/chunks/node_modules_next_dist_f3530cac._.js:2297
[  164860ms] [LOG] [Fast Refresh] rebuilding @ http://localhost:54105/_next/static/chunks/node_modules_next_dist_f3530cac._.js:2297
[  164865ms] [LOG] [Fast Refresh] done in 114ms @ http://localhost:54105/_next/static/chunks/node_modules_next_dist_f3530cac._.js:2297
[  164988ms] [LOG] [Fast Refresh] rebuilding @ http://localhost:54105/_next/static/chunks/node_modules_next_dist_f3530cac._.js:2297
[  165008ms] [LOG] [Fast Refresh] done in 122ms @ http://localhost:54105/_next/static/chunks/node_modules_next_dist_f3530cac._.js:2297
[  165136ms] [LOG] [Fast Refresh] rebuilding @ http://localhost:54105/_next/static/chunks/node_modules_next_dist_f3530cac._.js:2297
[  165170ms] [LOG] [Fast Refresh] done in 137ms @ http://localhost:54105/_next/static/chunks/node_modules_next_dist_f3530cac._.js:2297
[  165340ms] [LOG] [Fast Refresh] rebuilding @ http://localhost:54105/_next/static/chunks/node_modules_next_dist_f3530cac._.js:2297
[  165341ms] [LOG] [Fast Refresh] done in 107ms @ http://localhost:54105/_next/static/chunks/node_modules_next_dist_f3530cac._.js:2297
[  165526ms] [LOG] [Fast Refresh] rebuilding @ http://localhost:54105/_next/static/chunks/node_modules_next_dist_f3530cac._.js:2297
[  165572ms] [LOG] [Fast Refresh] done in 157ms @ http://localhost:54105/_next/static/chunks/node_modules_next_dist_f3530cac._.js:2297
[  166153ms] [LOG] [Fast Refresh] rebuilding @ http://localhost:54105/_next/static/chunks/node_modules_next_dist_f3530cac._.js:2297
[  166255ms] [LOG] [Fast Refresh] done in 204ms @ http://localhost:54105/_next/static/chunks/node_modules_next_dist_f3530cac._.js:2297
[  166393ms] [LOG] [Fast Refresh] rebuilding @ http://localhost:54105/_next/static/chunks/node_modules_next_dist_f3530cac._.js:2297
[  166404ms] [LOG] [Fast Refresh] done in 115ms @ http://localhost:54105/_next/static/chunks/node_modules_next_dist_f3530cac._.js:2297
[  167093ms] [LOG] [Fast Refresh] rebuilding @ http://localhost:54105/_next/static/chunks/node_modules_next_dist_f3530cac._.js:2297
[  167095ms] [LOG] [Fast Refresh] done in 105ms @ http://localhost:54105/_next/static/chunks/node_modules_next_dist_f3530cac._.js:2297
[  172208ms] [LOG] [Fast Refresh] rebuilding @ http://localhost:54105/_next/static/chunks/node_modules_next_dist_f3530cac._.js:2297
[  172347ms] [LOG] [Fast Refresh] done in 248ms @ http://localhost:54105/_next/static/chunks/node_modules_next_dist_f3530cac._.js:2297
[  178477ms] [LOG] [Fast Refresh] rebuilding @ http://localhost:54105/_next/static/chunks/node_modules_next_dist_f3530cac._.js:2297
[  179333ms] [LOG] [Fast Refresh] done in 415ms @ http://localhost:54105/_next/static/chunks/node_modules_next_dist_f3530cac._.js:2297
[  179498ms] [LOG] [Fast Refresh] rebuilding @ http://localhost:54105/_next/static/chunks/node_modules_next_dist_f3530cac._.js:2297
[  179546ms] [LOG] [Fast Refresh] done in 149ms @ http://localhost:54105/_next/static/chunks/node_modules_next_dist_f3530cac._.js:2297
[  179950ms] [LOG] [Fast Refresh] rebuilding @ http://localhost:54105/_next/static/chunks/node_modules_next_dist_f3530cac._.js:2297
[  179989ms] [LOG] [Fast Refresh] done in 142ms @ http://localhost:54105/_next/static/chunks/node_modules_next_dist_f3530cac._.js:2297
[  180112ms] [LOG] [Fast Refresh] rebuilding @ http://localhost:54105/_next/static/chunks/node_modules_next_dist_f3530cac._.js:2297
[  180176ms] [LOG] [Fast Refresh] done in 173ms @ http://localhost:54105/_next/static/chunks/node_modules_next_dist_f3530cac._.js:2297
[  180314ms] [LOG] [Fast Refresh] rebuilding @ http://localhost:54105/_next/static/chunks/node_modules_next_dist_f3530cac._.js:2297
[  180314ms] [LOG] [Fast Refresh] done in 115ms @ http://localhost:54105/_next/static/chunks/node_modules_next_dist_f3530cac._.js:2297
[  180431ms] [LOG] [Fast Refresh] rebuilding @ http://localhost:54105/_next/static/chunks/node_modules_next_dist_f3530cac._.js:2297
[  180470ms] [LOG] [Fast Refresh] done in 148ms @ http://localhost:54105/_next/static/chunks/node_modules_next_dist_f3530cac._.js:2297
[  180594ms] [LOG] [Fast Refresh] rebuilding @ http://localhost:54105/_next/static/chunks/node_modules_next_dist_f3530cac._.js:2297
[  180687ms] [LOG] [Fast Refresh] done in 202ms @ http://localhost:54105/_next/static/chunks/node_modules_next_dist_f3530cac._.js:2297
[  180932ms] [LOG] [Fast Refresh] rebuilding @ http://localhost:54105/_next/static/chunks/node_modules_next_dist_f3530cac._.js:2297
[  180932ms] [LOG] [Fast Refresh] done in 110ms @ http://localhost:54105/_next/static/chunks/node_modules_next_dist_f3530cac._.js:2297
[  181048ms] [LOG] [Fast Refresh] rebuilding @ http://localhost:54105/_next/static/chunks/node_modules_next_dist_f3530cac._.js:2297
[  181109ms] [LOG] [Fast Refresh] done in 161ms @ http://localhost:54105/_next/static/chunks/node_modules_next_dist_f3530cac._.js:2297
[  182226ms] [LOG] [Fast Refresh] rebuilding @ http://localhost:54105/_next/static/chunks/node_modules_next_dist_f3530cac._.js:2297
[  182370ms] [LOG] [Fast Refresh] done in 249ms @ http://localhost:54105/_next/static/chunks/node_modules_next_dist_f3530cac._.js:2297
[  187461ms] [LOG] [Fast Refresh] rebuilding @ http://localhost:54105/_next/static/chunks/node_modules_next_dist_f3530cac._.js:2297
[  187484ms] [LOG] [Fast Refresh] done in 133ms @ http://localhost:54105/_next/static/chunks/node_modules_next_dist_f3530cac._.js:2297
[  192210ms] [LOG] [Fast Refresh] rebuilding @ http://localhost:54105/_next/static/chunks/node_modules_next_dist_f3530cac._.js:2297
[  192420ms] [LOG] [Fast Refresh] done in 316ms @ http://localhost:54105/_next/static/chunks/node_modules_next_dist_f3530cac._.js:2297
[  202210ms] [LOG] [Fast Refresh] rebuilding @ http://localhost:54105/_next/static/chunks/node_modules_next_dist_f3530cac._.js:2297
[  202269ms] [LOG] [Fast Refresh] done in 167ms @ http://localhost:54105/_next/static/chunks/node_modules_next_dist_f3530cac._.js:2297
[  212206ms] [LOG] [Fast Refresh] rebuilding @ http://localhost:54105/_next/static/chunks/node_modules_next_dist_f3530cac._.js:2297
[  212252ms] [LOG] [Fast Refresh] done in 154ms @ http://localhost:54105/_next/static/chunks/node_modules_next_dist_f3530cac._.js:2297
[  222205ms] [LOG] [Fast Refresh] rebuilding @ http://localhost:54105/_next/static/chunks/node_modules_next_dist_f3530cac._.js:2297
[  222319ms] [LOG] [Fast Refresh] done in 216ms @ http://localhost:54105/_next/static/chunks/node_modules_next_dist_f3530cac._.js:2297
[  232197ms] [LOG] [Fast Refresh] rebuilding @ http://localhost:54105/_next/static/chunks/node_modules_next_dist_f3530cac._.js:2297
[  232236ms] [LOG] [Fast Refresh] done in 141ms @ http://localhost:54105/_next/static/chunks/node_modules_next_dist_f3530cac._.js:2297
[  242228ms] [LOG] [Fast Refresh] rebuilding @ http://localhost:54105/_next/static/chunks/node_modules_next_dist_f3530cac._.js:2297
[  242250ms] [LOG] [Fast Refresh] done in 137ms @ http://localhost:54105/_next/static/chunks/node_modules_next_dist_f3530cac._.js:2297
[  252230ms] [LOG] [Fast Refresh] rebuilding @ http://localhost:54105/_next/static/chunks/node_modules_next_dist_f3530cac._.js:2297
[  252358ms] [LOG] [Fast Refresh] done in 234ms @ http://localhost:54105/_next/static/chunks/node_modules_next_dist_f3530cac._.js:2297
[  262202ms] [LOG] [Fast Refresh] rebuilding @ http://localhost:54105/_next/static/chunks/node_modules_next_dist_f3530cac._.js:2297
[  262334ms] [LOG] [Fast Refresh] done in 232ms @ http://localhost:54105/_next/static/chunks/node_modules_next_dist_f3530cac._.js:2297
[  272214ms] [LOG] [Fast Refresh] rebuilding @ http://localhost:54105/_next/static/chunks/node_modules_next_dist_f3530cac._.js:2297
[  272336ms] [LOG] [Fast Refresh] done in 231ms @ http://localhost:54105/_next/static/chunks/node_modules_next_dist_f3530cac._.js:2297
[  282210ms] [LOG] [Fast Refresh] rebuilding @ http://localhost:54105/_next/static/chunks/node_modules_next_dist_f3530cac._.js:2297
[  282300ms] [LOG] [Fast Refresh] done in 194ms @ http://localhost:54105/_next/static/chunks/node_modules_next_dist_f3530cac._.js:2297
[  292200ms] [LOG] [Fast Refresh] rebuilding @ http://localhost:54105/_next/static/chunks/node_modules_next_dist_f3530cac._.js:2297
[  292303ms] [LOG] [Fast Refresh] done in 203ms @ http://localhost:54105/_next/static/chunks/node_modules_next_dist_f3530cac._.js:2297
[  302212ms] [LOG] [Fast Refresh] rebuilding @ http://localhost:54105/_next/static/chunks/node_modules_next_dist_f3530cac._.js:2297
[  302344ms] [LOG] [Fast Refresh] done in 236ms @ http://localhost:54105/_next/static/chunks/node_modules_next_dist_f3530cac._.js:2297
[  312204ms] [LOG] [Fast Refresh] rebuilding @ http://localhost:54105/_next/static/chunks/node_modules_next_dist_f3530cac._.js:2297
[  312343ms] [LOG] [Fast Refresh] done in 242ms @ http://localhost:54105/_next/static/chunks/node_modules_next_dist_f3530cac._.js:2297
[  322204ms] [LOG] [Fast Refresh] rebuilding @ http://localhost:54105/_next/static/chunks/node_modules_next_dist_f3530cac._.js:2297
[  322316ms] [LOG] [Fast Refresh] done in 212ms @ http://localhost:54105/_next/static/chunks/node_modules_next_dist_f3530cac._.js:2297
[  332205ms] [LOG] [Fast Refresh] rebuilding @ http://localhost:54105/_next/static/chunks/node_modules_next_dist_f3530cac._.js:2297
[  332313ms] [LOG] [Fast Refresh] done in 210ms @ http://localhost:54105/_next/static/chunks/node_modules_next_dist_f3530cac._.js:2297
[  335152ms] [LOG] [Fast Refresh] rebuilding @ http://localhost:54105/_next/static/chunks/node_modules_next_dist_f3530cac._.js:2297
[  335307ms] [LOG] [Fast Refresh] done in 261ms @ http://localhost:54105/_next/static/chunks/node_modules_next_dist_f3530cac._.js:2297
[  342210ms] [LOG] [Fast Refresh] rebuilding @ http://localhost:54105/_next/static/chunks/node_modules_next_dist_f3530cac._.js:2297
[  342266ms] [LOG] [Fast Refresh] done in 159ms @ http://localhost:54105/_next/static/chunks/node_modules_next_dist_f3530cac._.js:2297
[  352206ms] [LOG] [Fast Refresh] rebuilding @ http://localhost:54105/_next/static/chunks/node_modules_next_dist_f3530cac._.js:2297
[  352250ms] [LOG] [Fast Refresh] done in 145ms @ http://localhost:54105/_next/static/chunks/node_modules_next_dist_f3530cac._.js:2297
[  362204ms] [LOG] [Fast Refresh] rebuilding @ http://localhost:54105/_next/static/chunks/node_modules_next_dist_f3530cac._.js:2297
[  362302ms] [LOG] [Fast Refresh] done in 199ms @ http://localhost:54105/_next/static/chunks/node_modules_next_dist_f3530cac._.js:2297
[  372214ms] [LOG] [Fast Refresh] rebuilding @ http://localhost:54105/_next/static/chunks/node_modules_next_dist_f3530cac._.js:2297
[  372260ms] [LOG] [Fast Refresh] done in 148ms @ http://localhost:54105/_next/static/chunks/node_modules_next_dist_f3530cac._.js:2297
[  382204ms] [LOG] [Fast Refresh] rebuilding @ http://localhost:54105/_next/static/chunks/node_modules_next_dist_f3530cac._.js:2297
[  382262ms] [LOG] [Fast Refresh] done in 159ms @ http://localhost:54105/_next/static/chunks/node_modules_next_dist_f3530cac._.js:2297
[  392204ms] [LOG] [Fast Refresh] rebuilding @ http://localhost:54105/_next/static/chunks/node_modules_next_dist_f3530cac._.js:2297
[  392275ms] [LOG] [Fast Refresh] done in 172ms @ http://localhost:54105/_next/static/chunks/node_modules_next_dist_f3530cac._.js:2297
[  402204ms] [LOG] [Fast Refresh] rebuilding @ http://localhost:54105/_next/static/chunks/node_modules_next_dist_f3530cac._.js:2297
[  402286ms] [LOG] [Fast Refresh] done in 186ms @ http://localhost:54105/_next/static/chunks/node_modules_next_dist_f3530cac._.js:2297
[  412203ms] [LOG] [Fast Refresh] rebuilding @ http://localhost:54105/_next/static/chunks/node_modules_next_dist_f3530cac._.js:2297
[  412208ms] [LOG] [Fast Refresh] done in 106ms @ http://localhost:54105/_next/static/chunks/node_modules_next_dist_f3530cac._.js:2297
[  422213ms] [LOG] [Fast Refresh] rebuilding @ http://localhost:54105/_next/static/chunks/node_modules_next_dist_f3530cac._.js:2297
[  422326ms] [LOG] [Fast Refresh] done in 220ms @ http://localhost:54105/_next/static/chunks/node_modules_next_dist_f3530cac._.js:2297
[  432206ms] [LOG] [Fast Refresh] rebuilding @ http://localhost:54105/_next/static/chunks/node_modules_next_dist_f3530cac._.js:2297
[  432282ms] [LOG] [Fast Refresh] done in 176ms @ http://localhost:54105/_next/static/chunks/node_modules_next_dist_f3530cac._.js:2297
[  442210ms] [LOG] [Fast Refresh] rebuilding @ http://localhost:54105/_next/static/chunks/node_modules_next_dist_f3530cac._.js:2297
[  442241ms] [LOG] [Fast Refresh] done in 143ms @ http://localhost:54105/_next/static/chunks/node_modules_next_dist_f3530cac._.js:2297
[  452222ms] [LOG] [Fast Refresh] rebuilding @ http://localhost:54105/_next/static/chunks/node_modules_next_dist_f3530cac._.js:2297
[  452234ms] [LOG] [Fast Refresh] done in 124ms @ http://localhost:54105/_next/static/chunks/node_modules_next_dist_f3530cac._.js:2297
[  462199ms] [LOG] [Fast Refresh] rebuilding @ http://localhost:54105/_next/static/chunks/node_modules_next_dist_f3530cac._.js:2297
[  462282ms] [LOG] [Fast Refresh] done in 183ms @ http://localhost:54105/_next/static/chunks/node_modules_next_dist_f3530cac._.js:2297
[  472201ms] [LOG] [Fast Refresh] rebuilding @ http://localhost:54105/_next/static/chunks/node_modules_next_dist_f3530cac._.js:2297
[  472257ms] [LOG] [Fast Refresh] done in 159ms @ http://localhost:54105/_next/static/chunks/node_modules_next_dist_f3530cac._.js:2297
[  482213ms] [LOG] [Fast Refresh] rebuilding @ http://localhost:54105/_next/static/chunks/node_modules_next_dist_f3530cac._.js:2297
[  482290ms] [LOG] [Fast Refresh] done in 183ms @ http://localhost:54105/_next/static/chunks/node_modules_next_dist_f3530cac._.js:2297
[  492212ms] [LOG] [Fast Refresh] rebuilding @ http://localhost:54105/_next/static/chunks/node_modules_next_dist_f3530cac._.js:2297
[  492241ms] [LOG] [Fast Refresh] done in 139ms @ http://localhost:54105/_next/static/chunks/node_modules_next_dist_f3530cac._.js:2297
[  502203ms] [LOG] [Fast Refresh] rebuilding @ http://localhost:54105/_next/static/chunks/node_modules_next_dist_f3530cac._.js:2297
[  502257ms] [LOG] [Fast Refresh] done in 155ms @ http://localhost:54105/_next/static/chunks/node_modules_next_dist_f3530cac._.js:2297
[  512213ms] [LOG] [Fast Refresh] rebuilding @ http://localhost:54105/_next/static/chunks/node_modules_next_dist_f3530cac._.js:2297
[  512299ms] [LOG] [Fast Refresh] done in 199ms @ http://localhost:54105/_next/static/chunks/node_modules_next_dist_f3530cac._.js:2297
[  522199ms] [LOG] [Fast Refresh] rebuilding @ http://localhost:54105/_next/static/chunks/node_modules_next_dist_f3530cac._.js:2297
[  522259ms] [LOG] [Fast Refresh] done in 162ms @ http://localhost:54105/_next/static/chunks/node_modules_next_dist_f3530cac._.js:2297
[  532200ms] [LOG] [Fast Refresh] rebuilding @ http://localhost:54105/_next/static/chunks/node_modules_next_dist_f3530cac._.js:2297
[  532227ms] [LOG] [Fast Refresh] done in 130ms @ http://localhost:54105/_next/static/chunks/node_modules_next_dist_f3530cac._.js:2297
[  542197ms] [LOG] [Fast Refresh] rebuilding @ http://localhost:54105/_next/static/chunks/node_modules_next_dist_f3530cac._.js:2297
[  542227ms] [LOG] [Fast Refresh] done in 132ms @ http://localhost:54105/_next/static/chunks/node_modules_next_dist_f3530cac._.js:2297
[  552224ms] [LOG] [Fast Refresh] rebuilding @ http://localhost:54105/_next/static/chunks/node_modules_next_dist_f3530cac._.js:2297
[  552288ms] [LOG] [Fast Refresh] done in 171ms @ http://localhost:54105/_next/static/chunks/node_modules_next_dist_f3530cac._.js:2297
[  562199ms] [LOG] [Fast Refresh] rebuilding @ http://localhost:54105/_next/static/chunks/node_modules_next_dist_f3530cac._.js:2297
[  562211ms] [LOG] [Fast Refresh] done in 112ms @ http://localhost:54105/_next/static/chunks/node_modules_next_dist_f3530cac._.js:2297
[  572210ms] [LOG] [Fast Refresh] rebuilding @ http://localhost:54105/_next/static/chunks/node_modules_next_dist_f3530cac._.js:2297
[  572248ms] [LOG] [Fast Refresh] done in 145ms @ http://localhost:54105/_next/static/chunks/node_modules_next_dist_f3530cac._.js:2297
[  582212ms] [LOG] [Fast Refresh] rebuilding @ http://localhost:54105/_next/static/chunks/node_modules_next_dist_f3530cac._.js:2297
[  582253ms] [LOG] [Fast Refresh] done in 152ms @ http://localhost:54105/_next/static/chunks/node_modules_next_dist_f3530cac._.js:2297
[  592207ms] [LOG] [Fast Refresh] rebuilding @ http://localhost:54105/_next/static/chunks/node_modules_next_dist_f3530cac._.js:2297
[  592278ms] [LOG] [Fast Refresh] done in 173ms @ http://localhost:54105/_next/static/chunks/node_modules_next_dist_f3530cac._.js:2297
[  602217ms] [LOG] [Fast Refresh] rebuilding @ http://localhost:54105/_next/static/chunks/node_modules_next_dist_f3530cac._.js:2297
[  602298ms] [LOG] [Fast Refresh] done in 195ms @ http://localhost:54105/_next/static/chunks/node_modules_next_dist_f3530cac._.js:2297
[  612209ms] [LOG] [Fast Refresh] rebuilding @ http://localhost:54105/_next/static/chunks/node_modules_next_dist_f3530cac._.js:2297
[  612282ms] [LOG] [Fast Refresh] done in 174ms @ http://localhost:54105/_next/static/chunks/node_modules_next_dist_f3530cac._.js:2297
[  622202ms] [LOG] [Fast Refresh] rebuilding @ http://localhost:54105/_next/static/chunks/node_modules_next_dist_f3530cac._.js:2297
[  622284ms] [LOG] [Fast Refresh] done in 183ms @ http://localhost:54105/_next/static/chunks/node_modules_next_dist_f3530cac._.js:2297
[  632238ms] [LOG] [Fast Refresh] rebuilding @ http://localhost:54105/_next/static/chunks/node_modules_next_dist_f3530cac._.js:2297
[  632271ms] [LOG] [Fast Refresh] done in 138ms @ http://localhost:54105/_next/static/chunks/node_modules_next_dist_f3530cac._.js:2297
[  642207ms] [LOG] [Fast Refresh] rebuilding @ http://localhost:54105/_next/static/chunks/node_modules_next_dist_f3530cac._.js:2297
[  642273ms] [LOG] [Fast Refresh] done in 168ms @ http://localhost:54105/_next/static/chunks/node_modules_next_dist_f3530cac._.js:2297
[  652236ms] [LOG] [Fast Refresh] rebuilding @ http://localhost:54105/_next/static/chunks/node_modules_next_dist_f3530cac._.js:2297
[  652353ms] [LOG] [Fast Refresh] done in 223ms @ http://localhost:54105/_next/static/chunks/node_modules_next_dist_f3530cac._.js:2297
[  662204ms] [LOG] [Fast Refresh] rebuilding @ http://localhost:54105/_next/static/chunks/node_modules_next_dist_f3530cac._.js:2297
[  662280ms] [LOG] [Fast Refresh] done in 177ms @ http://localhost:54105/_next/static/chunks/node_modules_next_dist_f3530cac._.js:2297
[  672213ms] [LOG] [Fast Refresh] rebuilding @ http://localhost:54105/_next/static/chunks/node_modules_next_dist_f3530cac._.js:2297
[  672275ms] [LOG] [Fast Refresh] done in 164ms @ http://localhost:54105/_next/static/chunks/node_modules_next_dist_f3530cac._.js:2297
[  682205ms] [LOG] [Fast Refresh] rebuilding @ http://localhost:54105/_next/static/chunks/node_modules_next_dist_f3530cac._.js:2297
[  682258ms] [LOG] [Fast Refresh] done in 158ms @ http://localhost:54105/_next/static/chunks/node_modules_next_dist_f3530cac._.js:2297
[  692213ms] [LOG] [Fast Refresh] rebuilding @ http://localhost:54105/_next/static/chunks/node_modules_next_dist_f3530cac._.js:2297
[  692213ms] [LOG] [Fast Refresh] done in 112ms @ http://localhost:54105/_next/static/chunks/node_modules_next_dist_f3530cac._.js:2297
[  702211ms] [LOG] [Fast Refresh] rebuilding @ http://localhost:54105/_next/static/chunks/node_modules_next_dist_f3530cac._.js:2297
[  702263ms] [LOG] [Fast Refresh] done in 157ms @ http://localhost:54105/_next/static/chunks/node_modules_next_dist_f3530cac._.js:2297
[  712203ms] [LOG] [Fast Refresh] rebuilding @ http://localhost:54105/_next/static/chunks/node_modules_next_dist_f3530cac._.js:2297
[  712225ms] [LOG] [Fast Refresh] done in 123ms @ http://localhost:54105/_next/static/chunks/node_modules_next_dist_f3530cac._.js:2297
[  722201ms] [LOG] [Fast Refresh] rebuilding @ http://localhost:54105/_next/static/chunks/node_modules_next_dist_f3530cac._.js:2297
[  722241ms] [LOG] [Fast Refresh] done in 141ms @ http://localhost:54105/_next/static/chunks/node_modules_next_dist_f3530cac._.js:2297
[  732226ms] [LOG] [Fast Refresh] rebuilding @ http://localhost:54105/_next/static/chunks/node_modules_next_dist_f3530cac._.js:2297
[  732335ms] [LOG] [Fast Refresh] done in 223ms @ http://localhost:54105/_next/static/chunks/node_modules_next_dist_f3530cac._.js:2297
[  742203ms] [LOG] [Fast Refresh] rebuilding @ http://localhost:54105/_next/static/chunks/node_modules_next_dist_f3530cac._.js:2297
[  742252ms] [LOG] [Fast Refresh] done in 153ms @ http://localhost:54105/_next/static/chunks/node_modules_next_dist_f3530cac._.js:2297
[  752215ms] [LOG] [Fast Refresh] rebuilding @ http://localhost:54105/_next/static/chunks/node_modules_next_dist_f3530cac._.js:2297
[  752320ms] [LOG] [Fast Refresh] done in 210ms @ http://localhost:54105/_next/static/chunks/node_modules_next_dist_f3530cac._.js:2297
[  762229ms] [LOG] [Fast Refresh] rebuilding @ http://localhost:54105/_next/static/chunks/node_modules_next_dist_f3530cac._.js:2297
[  762291ms] [LOG] [Fast Refresh] done in 178ms @ http://localhost:54105/_next/static/chunks/node_modules_next_dist_f3530cac._.js:2297
[  772204ms] [LOG] [Fast Refresh] rebuilding @ http://localhost:54105/_next/static/chunks/node_modules_next_dist_f3530cac._.js:2297
[  772252ms] [LOG] [Fast Refresh] done in 150ms @ http://localhost:54105/_next/static/chunks/node_modules_next_dist_f3530cac._.js:2297
[  782210ms] [LOG] [Fast Refresh] rebuilding @ http://localhost:54105/_next/static/chunks/node_modules_next_dist_f3530cac._.js:2297
[  782251ms] [LOG] [Fast Refresh] done in 144ms @ http://localhost:54105/_next/static/chunks/node_modules_next_dist_f3530cac._.js:2297
[  792209ms] [LOG] [Fast Refresh] rebuilding @ http://localhost:54105/_next/static/chunks/node_modules_next_dist_f3530cac._.js:2297
[  792266ms] [LOG] [Fast Refresh] done in 162ms @ http://localhost:54105/_next/static/chunks/node_modules_next_dist_f3530cac._.js:2297
[  802206ms] [LOG] [Fast Refresh] rebuilding @ http://localhost:54105/_next/static/chunks/node_modules_next_dist_f3530cac._.js:2297
[  802274ms] [LOG] [Fast Refresh] done in 178ms @ http://localhost:54105/_next/static/chunks/node_modules_next_dist_f3530cac._.js:2297
[  812227ms] [LOG] [Fast Refresh] rebuilding @ http://localhost:54105/_next/static/chunks/node_modules_next_dist_f3530cac._.js:2297
[  812240ms] [LOG] [Fast Refresh] done in 127ms @ http://localhost:54105/_next/static/chunks/node_modules_next_dist_f3530cac._.js:2297
[  822208ms] [LOG] [Fast Refresh] rebuilding @ http://localhost:54105/_next/static/chunks/node_modules_next_dist_f3530cac._.js:2297
[  822275ms] [LOG] [Fast Refresh] done in 174ms @ http://localhost:54105/_next/static/chunks/node_modules_next_dist_f3530cac._.js:2297
[  832201ms] [LOG] [Fast Refresh] rebuilding @ http://localhost:54105/_next/static/chunks/node_modules_next_dist_f3530cac._.js:2297
[  832280ms] [LOG] [Fast Refresh] done in 184ms @ http://localhost:54105/_next/static/chunks/node_modules_next_dist_f3530cac._.js:2297
[  842210ms] [LOG] [Fast Refresh] rebuilding @ http://localhost:54105/_next/static/chunks/node_modules_next_dist_f3530cac._.js:2297
[  842265ms] [LOG] [Fast Refresh] done in 157ms @ http://localhost:54105/_next/static/chunks/node_modules_next_dist_f3530cac._.js:2297
[  852219ms] [LOG] [Fast Refresh] rebuilding @ http://localhost:54105/_next/static/chunks/node_modules_next_dist_f3530cac._.js:2297
[  852298ms] [LOG] [Fast Refresh] done in 193ms @ http://localhost:54105/_next/static/chunks/node_modules_next_dist_f3530cac._.js:2297
[  862211ms] [LOG] [Fast Refresh] rebuilding @ http://localhost:54105/_next/static/chunks/node_modules_next_dist_f3530cac._.js:2297
[  862222ms] [LOG] [Fast Refresh] done in 115ms @ http://localhost:54105/_next/static/chunks/node_modules_next_dist_f3530cac._.js:2297
[  872226ms] [LOG] [Fast Refresh] rebuilding @ http://localhost:54105/_next/static/chunks/node_modules_next_dist_f3530cac._.js:2297
[  872309ms] [LOG] [Fast Refresh] done in 183ms @ http://localhost:54105/_next/static/chunks/node_modules_next_dist_f3530cac._.js:2297
[  882208ms] [LOG] [Fast Refresh] rebuilding @ http://localhost:54105/_next/static/chunks/node_modules_next_dist_f3530cac._.js:2297
[  882228ms] [LOG] [Fast Refresh] done in 125ms @ http://localhost:54105/_next/static/chunks/node_modules_next_dist_f3530cac._.js:2297
[  892212ms] [LOG] [Fast Refresh] rebuilding @ http://localhost:54105/_next/static/chunks/node_modules_next_dist_f3530cac._.js:2297
[  892281ms] [LOG] [Fast Refresh] done in 172ms @ http://localhost:54105/_next/static/chunks/node_modules_next_dist_f3530cac._.js:2297
[  902159ms] [LOG] [Fast Refresh] rebuilding @ http://localhost:54105/_next/static/chunks/node_modules_next_dist_f3530cac._.js:2297
[  902256ms] [LOG] [Fast Refresh] done in 198ms @ http://localhost:54105/_next/static/chunks/node_modules_next_dist_f3530cac._.js:2297
[  912207ms] [LOG] [Fast Refresh] rebuilding @ http://localhost:54105/_next/static/chunks/node_modules_next_dist_f3530cac._.js:2297
[  912286ms] [LOG] [Fast Refresh] done in 181ms @ http://localhost:54105/_next/static/chunks/node_modules_next_dist_f3530cac._.js:2297
[  922200ms] [LOG] [Fast Refresh] rebuilding @ http://localhost:54105/_next/static/chunks/node_modules_next_dist_f3530cac._.js:2297
[  922250ms] [LOG] [Fast Refresh] done in 154ms @ http://localhost:54105/_next/static/chunks/node_modules_next_dist_f3530cac._.js:2297
[  932211ms] [LOG] [Fast Refresh] rebuilding @ http://localhost:54105/_next/static/chunks/node_modules_next_dist_f3530cac._.js:2297
[  932278ms] [LOG] [Fast Refresh] done in 171ms @ http://localhost:54105/_next/static/chunks/node_modules_next_dist_f3530cac._.js:2297
[  935057ms] [LOG] [Fast Refresh] rebuilding @ http://localhost:54105/_next/static/chunks/node_modules_next_dist_f3530cac._.js:2297
[  935187ms] [LOG] [Fast Refresh] done in 232ms @ http://localhost:54105/_next/static/chunks/node_modules_next_dist_f3530cac._.js:2297
[  942212ms] [LOG] [Fast Refresh] rebuilding @ http://localhost:54105/_next/static/chunks/node_modules_next_dist_f3530cac._.js:2297
[  942317ms] [LOG] [Fast Refresh] done in 206ms @ http://localhost:54105/_next/static/chunks/node_modules_next_dist_f3530cac._.js:2297
[  952212ms] [LOG] [Fast Refresh] rebuilding @ http://localhost:54105/_next/static/chunks/node_modules_next_dist_f3530cac._.js:2297
[  952267ms] [LOG] [Fast Refresh] done in 159ms @ http://localhost:54105/_next/static/chunks/node_modules_next_dist_f3530cac._.js:2297
[  962228ms] [LOG] [Fast Refresh] rebuilding @ http://localhost:54105/_next/static/chunks/node_modules_next_dist_f3530cac._.js:2297
[  962272ms] [LOG] [Fast Refresh] done in 160ms @ http://localhost:54105/_next/static/chunks/node_modules_next_dist_f3530cac._.js:2297
[  972202ms] [LOG] [Fast Refresh] rebuilding @ http://localhost:54105/_next/static/chunks/node_modules_next_dist_f3530cac._.js:2297
[  972304ms] [LOG] [Fast Refresh] done in 203ms @ http://localhost:54105/_next/static/chunks/node_modules_next_dist_f3530cac._.js:2297
[  982204ms] [LOG] [Fast Refresh] rebuilding @ http://localhost:54105/_next/static/chunks/node_modules_next_dist_f3530cac._.js:2297
[  982259ms] [LOG] [Fast Refresh] done in 158ms @ http://localhost:54105/_next/static/chunks/node_modules_next_dist_f3530cac._.js:2297
[  992210ms] [LOG] [Fast Refresh] rebuilding @ http://localhost:54105/_next/static/chunks/node_modules_next_dist_f3530cac._.js:2297
[  992271ms] [LOG] [Fast Refresh] done in 163ms @ http://localhost:54105/_next/static/chunks/node_modules_next_dist_f3530cac._.js:2297
[ 1002216ms] [LOG] [Fast Refresh] rebuilding @ http://localhost:54105/_next/static/chunks/node_modules_next_dist_f3530cac._.js:2297
[ 1002324ms] [LOG] [Fast Refresh] done in 222ms @ http://localhost:54105/_next/static/chunks/node_modules_next_dist_f3530cac._.js:2297
[ 1012218ms] [LOG] [Fast Refresh] rebuilding @ http://localhost:54105/_next/static/chunks/node_modules_next_dist_f3530cac._.js:2297
[ 1012331ms] [LOG] [Fast Refresh] done in 227ms @ http://localhost:54105/_next/static/chunks/node_modules_next_dist_f3530cac._.js:2297
[ 1022210ms] [LOG] [Fast Refresh] rebuilding @ http://localhost:54105/_next/static/chunks/node_modules_next_dist_f3530cac._.js:2297
[ 1022244ms] [LOG] [Fast Refresh] done in 141ms @ http://localhost:54105/_next/static/chunks/node_modules_next_dist_f3530cac._.js:2297
[ 1032213ms] [LOG] [Fast Refresh] rebuilding @ http://localhost:54105/_next/static/chunks/node_modules_next_dist_f3530cac._.js:2297
[ 1032233ms] [LOG] [Fast Refresh] done in 133ms @ http://localhost:54105/_next/static/chunks/node_modules_next_dist_f3530cac._.js:2297
[ 1042204ms] [LOG] [Fast Refresh] rebuilding @ http://localhost:54105/_next/static/chunks/node_modules_next_dist_f3530cac._.js:2297
[ 1042267ms] [LOG] [Fast Refresh] done in 172ms @ http://localhost:54105/_next/static/chunks/node_modules_next_dist_f3530cac._.js:2297
[ 1052211ms] [LOG] [Fast Refresh] rebuilding @ http://localhost:54105/_next/static/chunks/node_modules_next_dist_f3530cac._.js:2297
[ 1052267ms] [LOG] [Fast Refresh] done in 161ms @ http://localhost:54105/_next/static/chunks/node_modules_next_dist_f3530cac._.js:2297
[ 1062225ms] [LOG] [Fast Refresh] rebuilding @ http://localhost:54105/_next/static/chunks/node_modules_next_dist_f3530cac._.js:2297
[ 1062324ms] [LOG] [Fast Refresh] done in 213ms @ http://localhost:54105/_next/static/chunks/node_modules_next_dist_f3530cac._.js:2297
[ 1072231ms] [LOG] [Fast Refresh] rebuilding @ http://localhost:54105/_next/static/chunks/node_modules_next_dist_f3530cac._.js:2297
[ 1072258ms] [LOG] [Fast Refresh] done in 134ms @ http://localhost:54105/_next/static/chunks/node_modules_next_dist_f3530cac._.js:2297
[ 1082219ms] [LOG] [Fast Refresh] rebuilding @ http://localhost:54105/_next/static/chunks/node_modules_next_dist_f3530cac._.js:2297
[ 1082348ms] [LOG] [Fast Refresh] done in 244ms @ http://localhost:54105/_next/static/chunks/node_modules_next_dist_f3530cac._.js:2297
[ 1092238ms] [LOG] [Fast Refresh] rebuilding @ http://localhost:54105/_next/static/chunks/node_modules_next_dist_f3530cac._.js:2297
[ 1092301ms] [LOG] [Fast Refresh] done in 170ms @ http://localhost:54105/_next/static/chunks/node_modules_next_dist_f3530cac._.js:2297
[ 1102200ms] [LOG] [Fast Refresh] rebuilding @ http://localhost:54105/_next/static/chunks/node_modules_next_dist_f3530cac._.js:2297
[ 1102233ms] [LOG] [Fast Refresh] done in 135ms @ http://localhost:54105/_next/static/chunks/node_modules_next_dist_f3530cac._.js:2297
[ 3441191ms] [LOG] [HMR] connected @ http://localhost:54105/_next/static/chunks/node_modules_next_dist_f3530cac._.js:2297
[ 3441495ms] [LOG] [Fast Refresh] rebuilding @ http://localhost:54105/_next/static/chunks/node_modules_next_dist_f3530cac._.js:2297
[ 3443912ms] [LOG] [Fast Refresh] done in 2514ms @ http://localhost:54105/_next/static/chunks/node_modules_next_dist_f3530cac._.js:2297
[ 3472165ms] [LOG] [Fast Refresh] rebuilding @ http://localhost:54105/_next/static/chunks/node_modules_next_dist_f3530cac._.js:2297
[ 3472186ms] [LOG] [Fast Refresh] done in 126ms @ http://localhost:54105/_next/static/chunks/node_modules_next_dist_f3530cac._.js:2297
[ 3492155ms] [LOG] [Fast Refresh] rebuilding @ http://localhost:54105/_next/static/chunks/node_modules_next_dist_f3530cac._.js:2297
[ 3492215ms] [LOG] [Fast Refresh] done in 165ms @ http://localhost:54105/_next/static/chunks/node_modules_next_dist_f3530cac._.js:2297
[ 3532153ms] [LOG] [Fast Refresh] rebuilding @ http://localhost:54105/_next/static/chunks/node_modules_next_dist_f3530cac._.js:2297
[ 3532239ms] [LOG] [Fast Refresh] done in 186ms @ http://localhost:54105/_next/static/chunks/node_modules_next_dist_f3530cac._.js:2297
[ 3552169ms] [LOG] [Fast Refresh] rebuilding @ http://localhost:54105/_next/static/chunks/node_modules_next_dist_f3530cac._.js:2297
[ 3552249ms] [LOG] [Fast Refresh] done in 186ms @ http://localhost:54105/_next/static/chunks/node_modules_next_dist_f3530cac._.js:2297
[ 3559369ms] [LOG] [Fast Refresh] rebuilding @ http://localhost:54105/_next/static/chunks/node_modules_next_dist_f3530cac._.js:2297
[ 3559516ms] [LOG] [Fast Refresh] done in 251ms @ http://localhost:54105/_next/static/chunks/node_modules_next_dist_f3530cac._.js:2297
[ 3562163ms] [LOG] [Fast Refresh] rebuilding @ http://localhost:54105/_next/static/chunks/node_modules_next_dist_f3530cac._.js:2297
[ 3562213ms] [LOG] [Fast Refresh] done in 153ms @ http://localhost:54105/_next/static/chunks/node_modules_next_dist_f3530cac._.js:2297
[ 3572170ms] [LOG] [Fast Refresh] rebuilding @ http://localhost:54105/_next/static/chunks/node_modules_next_dist_f3530cac._.js:2297
[ 3572301ms] [LOG] [Fast Refresh] done in 235ms @ http://localhost:54105/_next/static/chunks/node_modules_next_dist_f3530cac._.js:2297
[ 3582171ms] [LOG] [Fast Refresh] rebuilding @ http://localhost:54105/_next/static/chunks/node_modules_next_dist_f3530cac._.js:2297
[ 3582280ms] [LOG] [Fast Refresh] done in 218ms @ http://localhost:54105/_next/static/chunks/node_modules_next_dist_f3530cac._.js:2297
[ 3592153ms] [LOG] [Fast Refresh] rebuilding @ http://localhost:54105/_next/static/chunks/node_modules_next_dist_f3530cac._.js:2297
[ 3592193ms] [LOG] [Fast Refresh] done in 141ms @ http://localhost:54105/_next/static/chunks/node_modules_next_dist_f3530cac._.js:2297
[ 3602155ms] [LOG] [Fast Refresh] rebuilding @ http://localhost:54105/_next/static/chunks/node_modules_next_dist_f3530cac._.js:2297
[ 3602325ms] [LOG] [Fast Refresh] done in 270ms @ http://localhost:54105/_next/static/chunks/node_modules_next_dist_f3530cac._.js:2297
[ 3612164ms] [LOG] [Fast Refresh] rebuilding @ http://localhost:54105/_next/static/chunks/node_modules_next_dist_f3530cac._.js:2297
[ 3612258ms] [LOG] [Fast Refresh] done in 201ms @ http://localhost:54105/_next/static/chunks/node_modules_next_dist_f3530cac._.js:2297
[ 3630297ms] [LOG] [Fast Refresh] rebuilding @ http://localhost:54105/_next/static/chunks/node_modules_next_dist_f3530cac._.js:2297
[ 3630940ms] [LOG] [Fast Refresh] done in 368ms @ http://localhost:54105/_next/static/chunks/node_modules_next_dist_f3530cac._.js:2297
[ 3631059ms] [LOG] [Fast Refresh] rebuilding @ http://localhost:54105/_next/static/chunks/node_modules_next_dist_f3530cac._.js:2297
[ 3631221ms] [LOG] [Fast Refresh] done in 262ms @ http://localhost:54105/_next/static/chunks/node_modules_next_dist_f3530cac._.js:2297
[ 3631424ms] [LOG] [Fast Refresh] rebuilding @ http://localhost:54105/_next/static/chunks/node_modules_next_dist_f3530cac._.js:2297
[ 3631424ms] [LOG] [Fast Refresh] done in 110ms @ http://localhost:54105/_next/static/chunks/node_modules_next_dist_f3530cac._.js:2297
[ 3631549ms] [LOG] [Fast Refresh] rebuilding @ http://localhost:54105/_next/static/chunks/node_modules_next_dist_f3530cac._.js:2297
[ 3631549ms] [LOG] [Fast Refresh] done in 107ms @ http://localhost:54105/_next/static/chunks/node_modules_next_dist_f3530cac._.js:2297
[ 3631778ms] [LOG] [Fast Refresh] rebuilding @ http://localhost:54105/_next/static/chunks/node_modules_next_dist_f3530cac._.js:2297
[ 3631800ms] [LOG] [Fast Refresh] done in 126ms @ http://localhost:54105/_next/static/chunks/node_modules_next_dist_f3530cac._.js:2297
[ 3631916ms] [LOG] [Fast Refresh] rebuilding @ http://localhost:54105/_next/static/chunks/node_modules_next_dist_f3530cac._.js:2297
[ 3631917ms] [LOG] [Fast Refresh] done in 108ms @ http://localhost:54105/_next/static/chunks/node_modules_next_dist_f3530cac._.js:2297
[ 3632029ms] [LOG] [Fast Refresh] rebuilding @ http://localhost:54105/_next/static/chunks/node_modules_next_dist_f3530cac._.js:2297
[ 3632062ms] [LOG] [Fast Refresh] done in 134ms @ http://localhost:54105/_next/static/chunks/node_modules_next_dist_f3530cac._.js:2297
[ 3632199ms] [LOG] [Fast Refresh] rebuilding @ http://localhost:54105/_next/static/chunks/node_modules_next_dist_f3530cac._.js:2297
[ 3632383ms] [LOG] [Fast Refresh] done in 291ms @ http://localhost:54105/_next/static/chunks/node_modules_next_dist_f3530cac._.js:2297
[ 3632806ms] [LOG] [Fast Refresh] rebuilding @ http://localhost:54105/_next/static/chunks/node_modules_next_dist_f3530cac._.js:2297
[ 3632808ms] [LOG] [Fast Refresh] done in 108ms @ http://localhost:54105/_next/static/chunks/node_modules_next_dist_f3530cac._.js:2297
[ 3633177ms] [LOG] [Fast Refresh] rebuilding @ http://localhost:54105/_next/static/chunks/node_modules_next_dist_f3530cac._.js:2297
[ 3633190ms] [LOG] [Fast Refresh] done in 113ms @ http://localhost:54105/_next/static/chunks/node_modules_next_dist_f3530cac._.js:2297
[ 3634321ms] [LOG] [Fast Refresh] rebuilding @ http://localhost:54105/_next/static/chunks/node_modules_next_dist_f3530cac._.js:2297
[ 3634364ms] [LOG] [Fast Refresh] done in 146ms @ http://localhost:54105/_next/static/chunks/node_modules_next_dist_f3530cac._.js:2297
[ 3642150ms] [LOG] [Fast Refresh] rebuilding @ http://localhost:54105/_next/static/chunks/node_modules_next_dist_f3530cac._.js:2297
[ 3642155ms] [LOG] [Fast Refresh] done in 107ms @ http://localhost:54105/_next/static/chunks/node_modules_next_dist_f3530cac._.js:2297
[ 3652160ms] [LOG] [Fast Refresh] rebuilding @ http://localhost:54105/_next/static/chunks/node_modules_next_dist_f3530cac._.js:2297
[ 3652163ms] [LOG] [Fast Refresh] done in 107ms @ http://localhost:54105/_next/static/chunks/node_modules_next_dist_f3530cac._.js:2297
[ 3662171ms] [LOG] [Fast Refresh] rebuilding @ http://localhost:54105/_next/static/chunks/node_modules_next_dist_f3530cac._.js:2297
[ 3662226ms] [LOG] [Fast Refresh] done in 171ms @ http://localhost:54105/_next/static/chunks/node_modules_next_dist_f3530cac._.js:2297
[ 3672164ms] [LOG] [Fast Refresh] rebuilding @ http://localhost:54105/_next/static/chunks/node_modules_next_dist_f3530cac._.js:2297
[ 3672166ms] [LOG] [Fast Refresh] done in 111ms @ http://localhost:54105/_next/static/chunks/node_modules_next_dist_f3530cac._.js:2297
[ 3682169ms] [LOG] [Fast Refresh] rebuilding @ http://localhost:54105/_next/static/chunks/node_modules_next_dist_f3530cac._.js:2297
[ 3682363ms] [LOG] [Fast Refresh] done in 299ms @ http://localhost:54105/_next/static/chunks/node_modules_next_dist_f3530cac._.js:2297
[ 3692158ms] [LOG] [Fast Refresh] rebuilding @ http://localhost:54105/_next/static/chunks/node_modules_next_dist_f3530cac._.js:2297
[ 3692223ms] [LOG] [Fast Refresh] done in 167ms @ http://localhost:54105/_next/static/chunks/node_modules_next_dist_f3530cac._.js:2297
[ 3702169ms] [LOG] [Fast Refresh] rebuilding @ http://localhost:54105/_next/static/chunks/node_modules_next_dist_f3530cac._.js:2297
[ 3702280ms] [LOG] [Fast Refresh] done in 213ms @ http://localhost:54105/_next/static/chunks/node_modules_next_dist_f3530cac._.js:2297
[ 3712169ms] [LOG] [Fast Refresh] rebuilding @ http://localhost:54105/_next/static/chunks/node_modules_next_dist_f3530cac._.js:2297
[ 3712329ms] [LOG] [Fast Refresh] done in 272ms @ http://localhost:54105/_next/static/chunks/node_modules_next_dist_f3530cac._.js:2297
[ 3722160ms] [LOG] [Fast Refresh] rebuilding @ http://localhost:54105/_next/static/chunks/node_modules_next_dist_f3530cac._.js:2297
[ 3722341ms] [LOG] [Fast Refresh] done in 283ms @ http://localhost:54105/_next/static/chunks/node_modules_next_dist_f3530cac._.js:2297
[ 3732194ms] [LOG] [Fast Refresh] rebuilding @ http://localhost:54105/_next/static/chunks/node_modules_next_dist_f3530cac._.js:2297
[ 3732327ms] [LOG] [Fast Refresh] done in 235ms @ http://localhost:54105/_next/static/chunks/node_modules_next_dist_f3530cac._.js:2297
[ 3742178ms] [LOG] [Fast Refresh] rebuilding @ http://localhost:54105/_next/static/chunks/node_modules_next_dist_f3530cac._.js:2297
[ 3742244ms] [LOG] [Fast Refresh] done in 169ms @ http://localhost:54105/_next/static/chunks/node_modules_next_dist_f3530cac._.js:2297
[ 3752170ms] [LOG] [Fast Refresh] rebuilding @ http://localhost:54105/_next/static/chunks/node_modules_next_dist_f3530cac._.js:2297
[ 3752322ms] [LOG] [Fast Refresh] done in 262ms @ http://localhost:54105/_next/static/chunks/node_modules_next_dist_f3530cac._.js:2297
[ 3762167ms] [LOG] [Fast Refresh] rebuilding @ http://localhost:54105/_next/static/chunks/node_modules_next_dist_f3530cac._.js:2297
[ 3762263ms] [LOG] [Fast Refresh] done in 200ms @ http://localhost:54105/_next/static/chunks/node_modules_next_dist_f3530cac._.js:2297
[ 3772169ms] [LOG] [Fast Refresh] rebuilding @ http://localhost:54105/_next/static/chunks/node_modules_next_dist_f3530cac._.js:2297
[ 3772174ms] [LOG] [Fast Refresh] done in 113ms @ http://localhost:54105/_next/static/chunks/node_modules_next_dist_f3530cac._.js:2297
[ 3782170ms] [LOG] [Fast Refresh] rebuilding @ http://localhost:54105/_next/static/chunks/node_modules_next_dist_f3530cac._.js:2297
[ 3782353ms] [LOG] [Fast Refresh] done in 289ms @ http://localhost:54105/_next/static/chunks/node_modules_next_dist_f3530cac._.js:2297
[ 3792170ms] [LOG] [Fast Refresh] rebuilding @ http://localhost:54105/_next/static/chunks/node_modules_next_dist_f3530cac._.js:2297
[ 3792308ms] [LOG] [Fast Refresh] done in 254ms @ http://localhost:54105/_next/static/chunks/node_modules_next_dist_f3530cac._.js:2297
[ 3802162ms] [LOG] [Fast Refresh] rebuilding @ http://localhost:54105/_next/static/chunks/node_modules_next_dist_f3530cac._.js:2297
[ 3802306ms] [LOG] [Fast Refresh] done in 246ms @ http://localhost:54105/_next/static/chunks/node_modules_next_dist_f3530cac._.js:2297
[ 3812171ms] [LOG] [Fast Refresh] rebuilding @ http://localhost:54105/_next/static/chunks/node_modules_next_dist_f3530cac._.js:2297
[ 3812308ms] [LOG] [Fast Refresh] done in 245ms @ http://localhost:54105/_next/static/chunks/node_modules_next_dist_f3530cac._.js:2297
[ 3822186ms] [LOG] [Fast Refresh] rebuilding @ http://localhost:54105/_next/static/chunks/node_modules_next_dist_f3530cac._.js:2297
[ 3822292ms] [LOG] [Fast Refresh] done in 221ms @ http://localhost:54105/_next/static/chunks/node_modules_next_dist_f3530cac._.js:2297
[ 3832172ms] [LOG] [Fast Refresh] rebuilding @ http://localhost:54105/_next/static/chunks/node_modules_next_dist_f3530cac._.js:2297
[ 3832539ms] [LOG] [Fast Refresh] done in 478ms @ http://localhost:54105/_next/static/chunks/node_modules_next_dist_f3530cac._.js:2297
[ 3832697ms] [LOG] [Fast Refresh] rebuilding @ http://localhost:54105/_next/static/chunks/node_modules_next_dist_f3530cac._.js:2297
[ 3832698ms] [LOG] [Fast Refresh] done in 115ms @ http://localhost:54105/_next/static/chunks/node_modules_next_dist_f3530cac._.js:2297
[ 3842169ms] [LOG] [Fast Refresh] rebuilding @ http://localhost:54105/_next/static/chunks/node_modules_next_dist_f3530cac._.js:2297
[ 3842326ms] [LOG] [Fast Refresh] done in 260ms @ http://localhost:54105/_next/static/chunks/node_modules_next_dist_f3530cac._.js:2297
[ 3852177ms] [LOG] [Fast Refresh] rebuilding @ http://localhost:54105/_next/static/chunks/node_modules_next_dist_f3530cac._.js:2297
[ 3852351ms] [LOG] [Fast Refresh] done in 280ms @ http://localhost:54105/_next/static/chunks/node_modules_next_dist_f3530cac._.js:2297
[ 3862154ms] [LOG] [Fast Refresh] rebuilding @ http://localhost:54105/_next/static/chunks/node_modules_next_dist_f3530cac._.js:2297
[ 3862293ms] [LOG] [Fast Refresh] done in 243ms @ http://localhost:54105/_next/static/chunks/node_modules_next_dist_f3530cac._.js:2297
[ 3872163ms] [LOG] [Fast Refresh] rebuilding @ http://localhost:54105/_next/static/chunks/node_modules_next_dist_f3530cac._.js:2297
[ 3872310ms] [LOG] [Fast Refresh] done in 248ms @ http://localhost:54105/_next/static/chunks/node_modules_next_dist_f3530cac._.js:2297
[ 3884153ms] [LOG] [Fast Refresh] rebuilding @ http://localhost:54105/_next/static/chunks/node_modules_next_dist_f3530cac._.js:2297
[ 3884156ms] [LOG] [Fast Refresh] done in 106ms @ http://localhost:54105/_next/static/chunks/node_modules_next_dist_f3530cac._.js:2297
[ 3902187ms] [LOG] [Fast Refresh] rebuilding @ http://localhost:54105/_next/static/chunks/node_modules_next_dist_f3530cac._.js:2297
[ 3902278ms] [LOG] [Fast Refresh] done in 201ms @ http://localhost:54105/_next/static/chunks/node_modules_next_dist_f3530cac._.js:2297
