[     887ms] [INFO] %cDownload the React DevTools for a better development experience: https://react.dev/link/react-devtools font-weight:bold @ http://localhost:61957/_next/static/chunks/node_modules_next_dist_f3530cac._.js:2297
[    1377ms] [LOG] [HMR] connected @ http://localhost:61957/_next/static/chunks/node_modules_next_dist_f3530cac._.js:2297
[    1382ms] [WARNING] Image with src "/ektar-logo.png" has either width or height modified, but not the other. If you use CSS to change the size of your image, also include the styles 'width: "auto"' or 'height: "auto"' to maintain the aspect ratio. @ http://localhost:61957/_next/static/chunks/node_modules_next_dist_f3530cac._.js:2297
[    6433ms] [LOG] [Fast Refresh] rebuilding @ http://localhost:61957/_next/static/chunks/node_modules_next_dist_f3530cac._.js:2297
[    6644ms] [LOG] [Fast Refresh] done in 314ms @ http://localhost:61957/_next/static/chunks/node_modules_next_dist_f3530cac._.js:2297
[   16426ms] [LOG] [Fast Refresh] rebuilding @ http://localhost:61957/_next/static/chunks/node_modules_next_dist_f3530cac._.js:2297
[   16584ms] [LOG] [Fast Refresh] done in 271ms @ http://localhost:61957/_next/static/chunks/node_modules_next_dist_f3530cac._.js:2297
[   26419ms] [LOG] [Fast Refresh] rebuilding @ http://localhost:61957/_next/static/chunks/node_modules_next_dist_f3530cac._.js:2297
[   26596ms] [LOG] [Fast Refresh] done in 279ms @ http://localhost:61957/_next/static/chunks/node_modules_next_dist_f3530cac._.js:2297
[   36427ms] [LOG] [Fast Refresh] rebuilding @ http://localhost:61957/_next/static/chunks/node_modules_next_dist_f3530cac._.js:2297
[   36560ms] [LOG] [Fast Refresh] done in 243ms @ http://localhost:61957/_next/static/chunks/node_modules_next_dist_f3530cac._.js:2297
[   40827ms] [LOG] [Fast Refresh] rebuilding @ http://localhost:61957/_next/static/chunks/node_modules_next_dist_f3530cac._.js:2297
[   40865ms] [LOG] [Fast Refresh] done in 149ms @ http://localhost:61957/_next/static/chunks/node_modules_next_dist_f3530cac._.js:2297
[   41015ms] [LOG] [Fast Refresh] rebuilding @ http://localhost:61957/_next/static/chunks/node_modules_next_dist_f3530cac._.js:2297
[   41063ms] [LOG] [Fast Refresh] done in 148ms @ http://localhost:61957/_next/static/chunks/node_modules_next_dist_f3530cac._.js:2297
[   41264ms] [INFO] %cDownload the React DevTools for a better development experience: https://react.dev/link/react-devtools font-weight:bold @ http://localhost:61957/_next/static/chunks/node_modules_next_dist_f3530cac._.js:2297
[   41449ms] [WARNING] Image with src "/ektar-logo.png" has either width or height modified, but not the other. If you use CSS to change the size of your image, also include the styles 'width: "auto"' or 'height: "auto"' to maintain the aspect ratio. @ http://localhost:61957/_next/static/chunks/node_modules_next_dist_f3530cac._.js:2297
[   41597ms] [LOG] [HMR] connected @ http://localhost:61957/_next/static/chunks/node_modules_next_dist_f3530cac._.js:2297
[   46431ms] [LOG] [Fast Refresh] rebuilding @ http://localhost:61957/_next/static/chunks/node_modules_next_dist_f3530cac._.js:2297
[   46485ms] [LOG] [Fast Refresh] done in 159ms @ http://localhost:61957/_next/static/chunks/node_modules_next_dist_f3530cac._.js:2297
[   47084ms] [LOG] [Fast Refresh] rebuilding @ http://localhost:61957/_next/static/chunks/node_modules_next_dist_f3530cac._.js:2297
[   47332ms] [LOG] [Fast Refresh] done in 349ms @ http://localhost:61957/_next/static/chunks/node_modules_next_dist_f3530cac._.js:2297
[   49510ms] [LOG] [Fast Refresh] rebuilding @ http://localhost:61957/_next/static/chunks/node_modules_next_dist_f3530cac._.js:2297
[   49548ms] [LOG] [Fast Refresh] done in 148ms @ http://localhost:61957/_next/static/chunks/node_modules_next_dist_f3530cac._.js:2297
[   60277ms] [LOG] [Fast Refresh] rebuilding @ http://localhost:61957/_next/static/chunks/node_modules_next_dist_f3530cac._.js:2297
[   60318ms] [LOG] [Fast Refresh] done in 158ms @ http://localhost:61957/_next/static/chunks/node_modules_next_dist_f3530cac._.js:2297
[   60459ms] [INFO] %cDownload the React DevTools for a better development experience: https://react.dev/link/react-devtools font-weight:bold @ http://localhost:61957/_next/static/chunks/node_modules_next_dist_f3530cac._.js:2297
[   60559ms] [WARNING] Image with src "/ektar-logo.png" has either width or height modified, but not the other. If you use CSS to change the size of your image, also include the styles 'width: "auto"' or 'height: "auto"' to maintain the aspect ratio. @ http://localhost:61957/_next/static/chunks/node_modules_next_dist_f3530cac._.js:2297
[   60792ms] [LOG] [HMR] connected @ http://localhost:61957/_next/static/chunks/node_modules_next_dist_f3530cac._.js:2297
[   67059ms] [LOG] [Fast Refresh] rebuilding @ http://localhost:61957/_next/static/chunks/node_modules_next_dist_f3530cac._.js:2297
[   67114ms] [LOG] [Fast Refresh] done in 166ms @ http://localhost:61957/_next/static/chunks/node_modules_next_dist_f3530cac._.js:2297
[   68028ms] [LOG] [Fast Refresh] rebuilding @ http://localhost:61957/_next/static/chunks/node_modules_next_dist_f3530cac._.js:2297
[   68116ms] [LOG] [Fast Refresh] done in 201ms @ http://localhost:61957/_next/static/chunks/node_modules_next_dist_f3530cac._.js:2297
