[     656ms] [INFO] %cDownload the React DevTools for a better development experience: https://react.dev/link/react-devtools font-weight:bold @ http://localhost:61957/_next/static/chunks/node_modules_next_dist_f3530cac._.js:2297
[     994ms] [WARNING] Image with src "/ektar-logo.png" has either width or height modified, but not the other. If you use CSS to change the size of your image, also include the styles 'width: "auto"' or 'height: "auto"' to maintain the aspect ratio. @ http://localhost:61957/_next/static/chunks/node_modules_next_dist_f3530cac._.js:2297
[    1145ms] [LOG] [HMR] connected @ http://localhost:61957/_next/static/chunks/node_modules_next_dist_f3530cac._.js:2297
[   10443ms] [LOG] [Fast Refresh] rebuilding @ http://localhost:61957/_next/static/chunks/node_modules_next_dist_f3530cac._.js:2297
[   10568ms] [LOG] [Fast Refresh] done in 229ms @ http://localhost:61957/_next/static/chunks/node_modules_next_dist_f3530cac._.js:2297
[   13656ms] [LOG] [Fast Refresh] rebuilding @ http://localhost:61957/_next/static/chunks/node_modules_next_dist_f3530cac._.js:2297
[   13686ms] [LOG] [Fast Refresh] done in 133ms @ http://localhost:61957/_next/static/chunks/node_modules_next_dist_f3530cac._.js:2297
[   18707ms] [LOG] [Fast Refresh] rebuilding @ http://localhost:61957/_next/static/chunks/node_modules_next_dist_f3530cac._.js:2297
[   18925ms] [LOG] [Fast Refresh] done in 324ms @ http://localhost:61957/_next/static/chunks/node_modules_next_dist_f3530cac._.js:2297
[   26402ms] [LOG] [Fast Refresh] rebuilding @ http://localhost:61957/_next/static/chunks/node_modules_next_dist_f3530cac._.js:2297
[   26478ms] [LOG] [Fast Refresh] done in 186ms @ http://localhost:61957/_next/static/chunks/node_modules_next_dist_f3530cac._.js:2297
[   28743ms] [LOG] [Fast Refresh] rebuilding @ http://localhost:61957/_next/static/chunks/node_modules_next_dist_f3530cac._.js:2297
[   29142ms] [LOG] [Fast Refresh] done in 515ms @ http://localhost:61957/_next/static/chunks/node_modules_next_dist_f3530cac._.js:2297
[   37635ms] [LOG] [Fast Refresh] rebuilding @ http://localhost:61957/_next/static/chunks/node_modules_next_dist_f3530cac._.js:2297
[   37938ms] [LOG] [Fast Refresh] done in 418ms @ http://localhost:61957/_next/static/chunks/node_modules_next_dist_f3530cac._.js:2297
[   38698ms] [LOG] [Fast Refresh] rebuilding @ http://localhost:61957/_next/static/chunks/node_modules_next_dist_f3530cac._.js:2297
[   38758ms] [LOG] [Fast Refresh] done in 168ms @ http://localhost:61957/_next/static/chunks/node_modules_next_dist_f3530cac._.js:2297
[   42609ms] [LOG] [Fast Refresh] rebuilding @ http://localhost:61957/_next/static/chunks/node_modules_next_dist_f3530cac._.js:2297
[   42640ms] [LOG] [Fast Refresh] done in 155ms @ http://localhost:61957/_next/static/chunks/node_modules_next_dist_f3530cac._.js:2297
[   48540ms] [LOG] [Fast Refresh] rebuilding @ http://localhost:61957/_next/static/chunks/node_modules_next_dist_f3530cac._.js:2297
[   48749ms] [LOG] [Fast Refresh] done in 318ms @ http://localhost:61957/_next/static/chunks/node_modules_next_dist_f3530cac._.js:2297
[   48904ms] [LOG] [Fast Refresh] rebuilding @ http://localhost:61957/_next/static/chunks/node_modules_next_dist_f3530cac._.js:2297
[   49246ms] [LOG] [Fast Refresh] done in 451ms @ http://localhost:61957/_next/static/chunks/node_modules_next_dist_f3530cac._.js:2297
[   51408ms] [LOG] [Fast Refresh] rebuilding @ http://localhost:61957/_next/static/chunks/node_modules_next_dist_f3530cac._.js:2297
[   51536ms] [LOG] [Fast Refresh] done in 241ms @ http://localhost:61957/_next/static/chunks/node_modules_next_dist_f3530cac._.js:2297
[   58727ms] [LOG] [Fast Refresh] rebuilding @ http://localhost:61957/_next/static/chunks/node_modules_next_dist_f3530cac._.js:2297
[   59510ms] [LOG] [Fast Refresh] done in 897ms @ http://localhost:61957/_next/static/chunks/node_modules_next_dist_f3530cac._.js:2297
[   59814ms] [LOG] [Fast Refresh] rebuilding @ http://localhost:61957/_next/static/chunks/node_modules_next_dist_f3530cac._.js:2297
[   59847ms] [LOG] [Fast Refresh] done in 150ms @ http://localhost:61957/_next/static/chunks/node_modules_next_dist_f3530cac._.js:2297
[   68702ms] [LOG] [Fast Refresh] rebuilding @ http://localhost:61957/_next/static/chunks/node_modules_next_dist_f3530cac._.js:2297
[   68769ms] [LOG] [Fast Refresh] done in 169ms @ http://localhost:61957/_next/static/chunks/node_modules_next_dist_f3530cac._.js:2297
[   78891ms] [LOG] [Fast Refresh] rebuilding @ http://localhost:61957/_next/static/chunks/node_modules_next_dist_f3530cac._.js:2297
[   79281ms] [LOG] [Fast Refresh] done in 507ms @ http://localhost:61957/_next/static/chunks/node_modules_next_dist_f3530cac._.js:2297
[   88772ms] [LOG] [Fast Refresh] rebuilding @ http://localhost:61957/_next/static/chunks/node_modules_next_dist_f3530cac._.js:2297
[   89442ms] [LOG] [Fast Refresh] done in 773ms @ http://localhost:61957/_next/static/chunks/node_modules_next_dist_f3530cac._.js:2297
[   98717ms] [LOG] [Fast Refresh] rebuilding @ http://localhost:61957/_next/static/chunks/node_modules_next_dist_f3530cac._.js:2297
[   98887ms] [LOG] [Fast Refresh] done in 282ms @ http://localhost:61957/_next/static/chunks/node_modules_next_dist_f3530cac._.js:2297
[  108725ms] [LOG] [Fast Refresh] rebuilding @ http://localhost:61957/_next/static/chunks/node_modules_next_dist_f3530cac._.js:2297
[  108990ms] [LOG] [Fast Refresh] done in 384ms @ http://localhost:61957/_next/static/chunks/node_modules_next_dist_f3530cac._.js:2297
[  118704ms] [LOG] [Fast Refresh] rebuilding @ http://localhost:61957/_next/static/chunks/node_modules_next_dist_f3530cac._.js:2297
[  119058ms] [LOG] [Fast Refresh] done in 454ms @ http://localhost:61957/_next/static/chunks/node_modules_next_dist_f3530cac._.js:2297
[  128721ms] [LOG] [Fast Refresh] rebuilding @ http://localhost:61957/_next/static/chunks/node_modules_next_dist_f3530cac._.js:2297
[  129006ms] [LOG] [Fast Refresh] done in 399ms @ http://localhost:61957/_next/static/chunks/node_modules_next_dist_f3530cac._.js:2297
[  138705ms] [LOG] [Fast Refresh] rebuilding @ http://localhost:61957/_next/static/chunks/node_modules_next_dist_f3530cac._.js:2297
[  138905ms] [LOG] [Fast Refresh] done in 313ms @ http://localhost:61957/_next/static/chunks/node_modules_next_dist_f3530cac._.js:2297
[  148706ms] [LOG] [Fast Refresh] rebuilding @ http://localhost:61957/_next/static/chunks/node_modules_next_dist_f3530cac._.js:2297
[  148907ms] [LOG] [Fast Refresh] done in 301ms @ http://localhost:61957/_next/static/chunks/node_modules_next_dist_f3530cac._.js:2297
[  158725ms] [LOG] [Fast Refresh] rebuilding @ http://localhost:61957/_next/static/chunks/node_modules_next_dist_f3530cac._.js:2297
[  158975ms] [LOG] [Fast Refresh] done in 352ms @ http://localhost:61957/_next/static/chunks/node_modules_next_dist_f3530cac._.js:2297
[  168720ms] [LOG] [Fast Refresh] rebuilding @ http://localhost:61957/_next/static/chunks/node_modules_next_dist_f3530cac._.js:2297
[  168922ms] [LOG] [Fast Refresh] done in 316ms @ http://localhost:61957/_next/static/chunks/node_modules_next_dist_f3530cac._.js:2297
[  178718ms] [LOG] [Fast Refresh] rebuilding @ http://localhost:61957/_next/static/chunks/node_modules_next_dist_f3530cac._.js:2297
[  178837ms] [LOG] [Fast Refresh] done in 231ms @ http://localhost:61957/_next/static/chunks/node_modules_next_dist_f3530cac._.js:2297
[  198706ms] [LOG] [Fast Refresh] rebuilding @ http://localhost:61957/_next/static/chunks/node_modules_next_dist_f3530cac._.js:2297
[  198972ms] [LOG] [Fast Refresh] done in 366ms @ http://localhost:61957/_next/static/chunks/node_modules_next_dist_f3530cac._.js:2297
[  208716ms] [LOG] [Fast Refresh] rebuilding @ http://localhost:61957/_next/static/chunks/node_modules_next_dist_f3530cac._.js:2297
[  208956ms] [LOG] [Fast Refresh] done in 350ms @ http://localhost:61957/_next/static/chunks/node_modules_next_dist_f3530cac._.js:2297
[  218720ms] [LOG] [Fast Refresh] rebuilding @ http://localhost:61957/_next/static/chunks/node_modules_next_dist_f3530cac._.js:2297
[  218937ms] [LOG] [Fast Refresh] done in 330ms @ http://localhost:61957/_next/static/chunks/node_modules_next_dist_f3530cac._.js:2297
[  228720ms] [LOG] [Fast Refresh] rebuilding @ http://localhost:61957/_next/static/chunks/node_modules_next_dist_f3530cac._.js:2297
[  228856ms] [LOG] [Fast Refresh] done in 253ms @ http://localhost:61957/_next/static/chunks/node_modules_next_dist_f3530cac._.js:2297
[  238734ms] [LOG] [Fast Refresh] rebuilding @ http://localhost:61957/_next/static/chunks/node_modules_next_dist_f3530cac._.js:2297
[  238853ms] [LOG] [Fast Refresh] done in 231ms @ http://localhost:61957/_next/static/chunks/node_modules_next_dist_f3530cac._.js:2297
[  248720ms] [LOG] [Fast Refresh] rebuilding @ http://localhost:61957/_next/static/chunks/node_modules_next_dist_f3530cac._.js:2297
[  248955ms] [LOG] [Fast Refresh] done in 350ms @ http://localhost:61957/_next/static/chunks/node_modules_next_dist_f3530cac._.js:2297
[  258707ms] [LOG] [Fast Refresh] rebuilding @ http://localhost:61957/_next/static/chunks/node_modules_next_dist_f3530cac._.js:2297
[  258907ms] [LOG] [Fast Refresh] done in 300ms @ http://localhost:61957/_next/static/chunks/node_modules_next_dist_f3530cac._.js:2297
[  268736ms] [LOG] [Fast Refresh] rebuilding @ http://localhost:61957/_next/static/chunks/node_modules_next_dist_f3530cac._.js:2297
[  269558ms] [LOG] [Fast Refresh] done in 933ms @ http://localhost:61957/_next/static/chunks/node_modules_next_dist_f3530cac._.js:2297
[  278706ms] [LOG] [Fast Refresh] rebuilding @ http://localhost:61957/_next/static/chunks/node_modules_next_dist_f3530cac._.js:2297
[  278907ms] [LOG] [Fast Refresh] done in 315ms @ http://localhost:61957/_next/static/chunks/node_modules_next_dist_f3530cac._.js:2297
[  288704ms] [LOG] [Fast Refresh] rebuilding @ http://localhost:61957/_next/static/chunks/node_modules_next_dist_f3530cac._.js:2297
[  288773ms] [LOG] [Fast Refresh] done in 169ms @ http://localhost:61957/_next/static/chunks/node_modules_next_dist_f3530cac._.js:2297
[  298701ms] [LOG] [Fast Refresh] rebuilding @ http://localhost:61957/_next/static/chunks/node_modules_next_dist_f3530cac._.js:2297
[  298739ms] [LOG] [Fast Refresh] done in 150ms @ http://localhost:61957/_next/static/chunks/node_modules_next_dist_f3530cac._.js:2297
[  308723ms] [LOG] [Fast Refresh] rebuilding @ http://localhost:61957/_next/static/chunks/node_modules_next_dist_f3530cac._.js:2297
[  308960ms] [LOG] [Fast Refresh] done in 354ms @ http://localhost:61957/_next/static/chunks/node_modules_next_dist_f3530cac._.js:2297
[  328704ms] [LOG] [Fast Refresh] rebuilding @ http://localhost:61957/_next/static/chunks/node_modules_next_dist_f3530cac._.js:2297
[  328776ms] [LOG] [Fast Refresh] done in 185ms @ http://localhost:61957/_next/static/chunks/node_modules_next_dist_f3530cac._.js:2297
