[     723ms] [INFO] %cDownload the React DevTools for a better development experience: https://react.dev/link/react-devtools font-weight:bold @ http://localhost:54105/_next/static/chunks/node_modules_next_dist_f3530cac._.js:2297
[    1166ms] [WARNING] Image with src "/ektar-logo.png" has either width or height modified, but not the other. If you use CSS to change the size of your image, also include the styles 'width: "auto"' or 'height: "auto"' to maintain the aspect ratio. @ http://localhost:54105/_next/static/chunks/node_modules_next_dist_f3530cac._.js:2297
[    1174ms] [LOG] [HMR] connected @ http://localhost:54105/_next/static/chunks/node_modules_next_dist_f3530cac._.js:2297
[    8660ms] [LOG] [Fast Refresh] rebuilding @ http://localhost:54105/_next/static/chunks/node_modules_next_dist_f3530cac._.js:2297
[    8682ms] [LOG] [Fast Refresh] done in 137ms @ http://localhost:54105/_next/static/chunks/node_modules_next_dist_f3530cac._.js:2297
[   28643ms] [LOG] [Fast Refresh] rebuilding @ http://localhost:54105/_next/static/chunks/node_modules_next_dist_f3530cac._.js:2297
[   28730ms] [LOG] [Fast Refresh] done in 187ms @ http://localhost:54105/_next/static/chunks/node_modules_next_dist_f3530cac._.js:2297
[   38660ms] [LOG] [Fast Refresh] rebuilding @ http://localhost:54105/_next/static/chunks/node_modules_next_dist_f3530cac._.js:2297
[   38698ms] [LOG] [Fast Refresh] done in 147ms @ http://localhost:54105/_next/static/chunks/node_modules_next_dist_f3530cac._.js:2297
[   48660ms] [LOG] [Fast Refresh] rebuilding @ http://localhost:54105/_next/static/chunks/node_modules_next_dist_f3530cac._.js:2297
[   48700ms] [LOG] [Fast Refresh] done in 150ms @ http://localhost:54105/_next/static/chunks/node_modules_next_dist_f3530cac._.js:2297
[   58646ms] [LOG] [Fast Refresh] rebuilding @ http://localhost:54105/_next/static/chunks/node_modules_next_dist_f3530cac._.js:2297
[   58684ms] [LOG] [Fast Refresh] done in 140ms @ http://localhost:54105/_next/static/chunks/node_modules_next_dist_f3530cac._.js:2297
[   68648ms] [LOG] [Fast Refresh] rebuilding @ http://localhost:54105/_next/static/chunks/node_modules_next_dist_f3530cac._.js:2297
[   68667ms] [LOG] [Fast Refresh] done in 122ms @ http://localhost:54105/_next/static/chunks/node_modules_next_dist_f3530cac._.js:2297
[   88661ms] [LOG] [Fast Refresh] rebuilding @ http://localhost:54105/_next/static/chunks/node_modules_next_dist_f3530cac._.js:2297
[   88798ms] [LOG] [Fast Refresh] done in 248ms @ http://localhost:54105/_next/static/chunks/node_modules_next_dist_f3530cac._.js:2297
[   98659ms] [LOG] [Fast Refresh] rebuilding @ http://localhost:54105/_next/static/chunks/node_modules_next_dist_f3530cac._.js:2297
[   98696ms] [LOG] [Fast Refresh] done in 146ms @ http://localhost:54105/_next/static/chunks/node_modules_next_dist_f3530cac._.js:2297
[  108666ms] [LOG] [Fast Refresh] rebuilding @ http://localhost:54105/_next/static/chunks/node_modules_next_dist_f3530cac._.js:2297
[  108717ms] [LOG] [Fast Refresh] done in 154ms @ http://localhost:54105/_next/static/chunks/node_modules_next_dist_f3530cac._.js:2297
[  118652ms] [LOG] [Fast Refresh] rebuilding @ http://localhost:54105/_next/static/chunks/node_modules_next_dist_f3530cac._.js:2297
[  118731ms] [LOG] [Fast Refresh] done in 181ms @ http://localhost:54105/_next/static/chunks/node_modules_next_dist_f3530cac._.js:2297
[  128663ms] [LOG] [Fast Refresh] rebuilding @ http://localhost:54105/_next/static/chunks/node_modules_next_dist_f3530cac._.js:2297
[  128718ms] [LOG] [Fast Refresh] done in 169ms @ http://localhost:54105/_next/static/chunks/node_modules_next_dist_f3530cac._.js:2297
[  138660ms] [LOG] [Fast Refresh] rebuilding @ http://localhost:54105/_next/static/chunks/node_modules_next_dist_f3530cac._.js:2297
[  138733ms] [LOG] [Fast Refresh] done in 185ms @ http://localhost:54105/_next/static/chunks/node_modules_next_dist_f3530cac._.js:2297
[  148648ms] [LOG] [Fast Refresh] rebuilding @ http://localhost:54105/_next/static/chunks/node_modules_next_dist_f3530cac._.js:2297
[  148678ms] [LOG] [Fast Refresh] done in 131ms @ http://localhost:54105/_next/static/chunks/node_modules_next_dist_f3530cac._.js:2297
[  158659ms] [LOG] [Fast Refresh] rebuilding @ http://localhost:54105/_next/static/chunks/node_modules_next_dist_f3530cac._.js:2297
[  158682ms] [LOG] [Fast Refresh] done in 132ms @ http://localhost:54105/_next/static/chunks/node_modules_next_dist_f3530cac._.js:2297
[  168663ms] [LOG] [Fast Refresh] rebuilding @ http://localhost:54105/_next/static/chunks/node_modules_next_dist_f3530cac._.js:2297
[  168700ms] [LOG] [Fast Refresh] done in 152ms @ http://localhost:54105/_next/static/chunks/node_modules_next_dist_f3530cac._.js:2297
[  178773ms] [LOG] [Fast Refresh] rebuilding @ http://localhost:54105/_next/static/chunks/node_modules_next_dist_f3530cac._.js:2297
[  179404ms] [LOG] [Fast Refresh] done in 748ms @ http://localhost:54105/_next/static/chunks/node_modules_next_dist_f3530cac._.js:2297
[  188650ms] [LOG] [Fast Refresh] rebuilding @ http://localhost:54105/_next/static/chunks/node_modules_next_dist_f3530cac._.js:2297
[  188850ms] [LOG] [Fast Refresh] done in 302ms @ http://localhost:54105/_next/static/chunks/node_modules_next_dist_f3530cac._.js:2297
[  198660ms] [LOG] [Fast Refresh] rebuilding @ http://localhost:54105/_next/static/chunks/node_modules_next_dist_f3530cac._.js:2297
[  198896ms] [LOG] [Fast Refresh] done in 346ms @ http://localhost:54105/_next/static/chunks/node_modules_next_dist_f3530cac._.js:2297
[  208665ms] [LOG] [Fast Refresh] rebuilding @ http://localhost:54105/_next/static/chunks/node_modules_next_dist_f3530cac._.js:2297
[  208766ms] [LOG] [Fast Refresh] done in 216ms @ http://localhost:54105/_next/static/chunks/node_modules_next_dist_f3530cac._.js:2297
[  218658ms] [LOG] [Fast Refresh] rebuilding @ http://localhost:54105/_next/static/chunks/node_modules_next_dist_f3530cac._.js:2297
[  218763ms] [LOG] [Fast Refresh] done in 212ms @ http://localhost:54105/_next/static/chunks/node_modules_next_dist_f3530cac._.js:2297
[  228664ms] [LOG] [Fast Refresh] rebuilding @ http://localhost:54105/_next/static/chunks/node_modules_next_dist_f3530cac._.js:2297
[  228931ms] [LOG] [Fast Refresh] done in 382ms @ http://localhost:54105/_next/static/chunks/node_modules_next_dist_f3530cac._.js:2297
[  238662ms] [LOG] [Fast Refresh] rebuilding @ http://localhost:54105/_next/static/chunks/node_modules_next_dist_f3530cac._.js:2297
[  238801ms] [LOG] [Fast Refresh] done in 241ms @ http://localhost:54105/_next/static/chunks/node_modules_next_dist_f3530cac._.js:2297
[  248651ms] [LOG] [Fast Refresh] rebuilding @ http://localhost:54105/_next/static/chunks/node_modules_next_dist_f3530cac._.js:2297
[  248695ms] [LOG] [Fast Refresh] done in 146ms @ http://localhost:54105/_next/static/chunks/node_modules_next_dist_f3530cac._.js:2297
[  251596ms] [LOG] [Fast Refresh] rebuilding @ http://localhost:54105/_next/static/chunks/node_modules_next_dist_f3530cac._.js:2297
